mag,u_star,mode,mu,sd_mode,sd_u,sd_tot
7,0.5,0.601389407,0.584354465,0.535987202,0.562128714,0.776705203
6.5,0.71,-0.73879793,-1.158613176,0.770567495,0.63328133,0.99740639
7.9,0.44,1.981180859,1.980723928,0.524800029,0.55932312,0.766979415
