location,alpha,beta
0,0.824481974,1.009040622
0.1,0.970251464,0.962135486
0.3,1.343663717,0.874765
0.38,1.530569671,0.842080217
0.5,1.8607879,0.795328534
0.54,1.743474568,0.81061667
0.7,1.343663717,0.874765
1,0.824481974,1.009040622
